app/(auth)/login/page.tsx(34,16): error TS2345: Argument of type 'string | undefined' is not assignable to parameter of type 'string'.
  Type 'undefined' is not assignable to type 'string'.
app/(auth)/login/page.tsx(35,15): error TS2345: Argument of type 'User | undefined' is not assignable to parameter of type 'User'.
  Type 'undefined' is not assignable to type 'User'.
app/(auth)/login/page.tsx(36,33): error TS18048: 'tokenData.user' is possibly 'undefined'.
app/(auth)/login/page.tsx(36,33): error TS2538: Type 'undefined' cannot be used as an index type.
app/(auth)/register/page.tsx(32,47): error TS2322: Type 'UserRole' is not assignable to type 'UserRole | undefined'.
  Type '"STUDENT"' is not assignable to type 'UserRole | undefined'.
app/(dashboard)/dashboard/admin/stats/client.tsx(227,24): error TS18048: 'u.name' is possibly 'undefined'.
app/(dashboard)/dashboard/faculty/requests/client.tsx(29,11): error TS2352: Conversion of type 'null' to type 'Team | undefined' may be a mistake because neither type sufficiently overlaps with the other. If this was intentional, convert the expression to 'unknown' first.
app/(dashboard)/dashboard/faculty/requests/client.tsx(50,11): error TS2352: Conversion of type 'null' to type 'Team | undefined' may be a mistake because neither type sufficiently overlaps with the other. If this was intentional, convert the expression to 'unknown' first.
app/(dashboard)/dashboard/student/projects/client.tsx(39,9): error TS2322: Type '"PROPOSED"' is not assignable to type 'ProjectStatus | undefined'.
app/(dashboard)/dashboard/student/projects/client.tsx(40,9): error TS2322: Type 'null' is not assignable to type 'ProjectPhase | undefined'.
app/(dashboard)/dashboard/student/projects/client.tsx(105,43): error TS2345: Argument of type 'string | undefined' is not assignable to parameter of type 'string'.
  Type 'undefined' is not assignable to type 'string'.
app/(dashboard)/dashboard/student/projects/client.tsx(107,14): error TS2345: Argument of type 'string | undefined' is not assignable to parameter of type 'string'.
  Type 'undefined' is not assignable to type 'string'.
app/(dashboard)/dashboard/student/projects/client.tsx(121,31): error TS2769: No overload matches this call.
  Overload 1 of 4, '(value: string | number | Date): Date', gave the following error.
    Argument of type 'string | undefined' is not assignable to parameter of type 'string | number | Date'.
      Type 'undefined' is not assignable to type 'string | number | Date'.
  Overload 2 of 4, '(value: string | number): Date', gave the following error.
    Argument of type 'string | undefined' is not assignable to parameter of type 'string | number'.
      Type 'undefined' is not assignable to type 'string | number'.
app/(dashboard)/dashboard/student/projects/client.tsx(147,5): error TS2322: Type '"APPROVED"' is not assignable to type 'ProjectStatus | undefined'.
app/(dashboard)/dashboard/student/projects/client.tsx(148,5): error TS2322: Type '"MID_TERM"' is not assignable to type 'ProjectPhase | undefined'.
app/(dashboard)/dashboard/student/projects/client.tsx(156,5): error TS2322: Type '"PROPOSED"' is not assignable to type 'ProjectStatus | undefined'.
app/(dashboard)/dashboard/student/projects/client.tsx(157,5): error TS2322: Type 'null' is not assignable to type 'ProjectPhase | undefined'.
app/(dashboard)/dashboard/student/teams/client.tsx(27,11): error TS2322: Type '"STUDENT"' is not assignable to type 'UserRole | undefined'.
app/(dashboard)/dashboard/student/teams/client.tsx(40,11): error TS2322: Type '"STUDENT"' is not assignable to type 'UserRole | undefined'.
app/(dashboard)/dashboard/student/teams/client.tsx(123,20): error TS18048: 'team.members' is possibly 'undefined'.
app/(dashboard)/dashboard/student/teams/client.tsx(126,35): error TS2345: Argument of type 'string | undefined' is not assignable to parameter of type 'string'.
  Type 'undefined' is not assignable to type 'string'.
app/(dashboard)/dashboard/student/teams/client.tsx(136,43): error TS2345: Argument of type 'string | undefined' is not assignable to parameter of type 'string'.
  Type 'undefined' is not assignable to type 'string'.
app/(dashboard)/dashboard/student/teams/client.tsx(138,13): error TS2345: Argument of type 'string | undefined' is not assignable to parameter of type 'string'.
  Type 'undefined' is not assignable to type 'string'.
app/(dashboard)/dashboard/student/teams/client.tsx(147,14): error TS18048: 'team.members' is possibly 'undefined'.
app/(dashboard)/dashboard/student/teams/client.tsx(147,42): error TS18048: 'team.members' is possibly 'undefined'.
app/(dashboard)/dashboard/student/teams/client.tsx(155,10): error TS18048: 'team.members' is possibly 'undefined'.
app/(dashboard)/dashboard/student/teams/client.tsx(158,16): error TS18048: 'm.member' is possibly 'undefined'.
app/(dashboard)/dashboard/student/teams/client.tsx(158,16): error TS18048: 'm.member.name' is possibly 'undefined'.
app/(dashboard)/dashboard/student/teams/client.tsx(160,70): error TS18048: 'm.member' is possibly 'undefined'.
components/providers/AuthProvider.tsx(19,15): error TS2345: Argument of type '(user: User) => void' is not assignable to parameter of type '(value: User) => void | PromiseLike<void>'.
  Types of parameters 'user' and 'value' are incompatible.
    Type 'import("C:/Users/moham/Desktop/pbl6thSem/helix/frontend/src/api/models/User").User' is not assignable to type 'import("C:/Users/moham/Desktop/pbl6thSem/helix/frontend/types/index").User'.
      Types of property 'id' are incompatible.
        Type 'string | undefined' is not assignable to type 'string'.
          Type 'undefined' is not assignable to type 'string'.
lib/auth.ts(73,33): error TS18048: 'matched.user.role' is possibly 'undefined'.
lib/auth.ts(101,26): error TS2345: Argument of type 'UserRole | undefined' is not assignable to parameter of type 'UserRole'.
  Type 'undefined' is not assignable to type 'UserRole'.
lib/auth.ts(117,23): error TS2551: Property 'readCurrentUser' does not exist on type 'typeof UsersService'. Did you mean 'getCurrentUser'?
